<svg xmlns:inkscape="http://www.inkscape.org/namespaces/inkscape" xmlns:sodipodi="http://sodipodi.sourceforge.net/DTD/sodipodi-0.dtd" xmlns="http://www.w3.org/2000/svg" xmlns:svg="http://www.w3.org/2000/svg" xmlns:rdf="http://www.w3.org/1999/02/22-rdf-syntax-ns#" xmlns:cc="http://creativecommons.org/ns#" xmlns:dc="http://purl.org/dc/elements/1.1/" inkscape:version="1.2.1 (9c6d41e410, 2022-07-14)" id="svg26" version="1.1" viewBox="0 0 258.8591447348459 175.35716305116404" height="4.887584178740157in" width="7.2149653787401595in" sodipodi:docname="drawing-8.svg">
  <defs id="defs20"/>
  <sodipodi:namedview units="in" showgrid="false" inkscape:document-rotation="0" inkscape:current-layer="layer1" inkscape:document-units="mm" inkscape:cy="-52.527932" inkscape:cx="1191.98" inkscape:zoom="0.49497475" inkscape:pageshadow="2" inkscape:pageopacity="0.0" borderopacity="1.0" bordercolor="#666666" pagecolor="#ffffff" id="base" inkscape:showpageshadow="2" inkscape:pagecheckerboard="0" inkscape:deskcolor="#d1d1d1" inkscape:window-width="1920" inkscape:window-height="1017" inkscape:window-x="-8" inkscape:window-y="-8" inkscape:window-maximized="1">
    </sodipodi:namedview>
  <metadata id="metadata23">
    <rdf:RDF id="RDF0">
      <cc:Work rdf:about="" id="Work0">
        <dc:format id="format0">image/svg+xml</dc:format>
        <dc:type rdf:resource="http://purl.org/dc/dcmitype/StillImage" id="type0"/>
      </cc:Work>
    </rdf:RDF>
  </metadata>
  <g id="layer1" inkscape:groupmode="layer" inkscape:label="Layer 1" transform="translate(-39.9509, 55.7063)">
    <path style="opacity:1.0;fill:none;stroke:#262626;stroke-width:4.38029742167364;stroke-dasharray:3.285218685957808, 3.285218685957808;stop-color:#000000" id="rect1512" width="228.29448" height="191.92899" x="159.6041" y="141.42136" ry="5.8976021" d="m 25.835 5.95084e-08 l 474.165,0.0 474.165,0.0 a 25.8332 25.8332 0 0 1 25.835 25.835 l 0.0,394.52 0.0,394.52 a 25.8332 25.8332 0 0 1 -25.835 25.831 l -474.165,0.0 -474.165,0.0 a 25.8332 25.8332 0 0 1 -25.835 -25.831 l 0.0,-394.52 0.0,-394.52 a 25.8332 25.8332 0 0 1 25.835 -25.835 z" transform="matrix(0.060403 0 0 0.060403 146.426 -26.384)"/>
    <text xml:space="preserve" style="font-size:10.000;line-height:1.25;font-family:Arial;-inkscape-font-specification:'Arial, Normal';letter-spacing:0.0;word-spacing:0px;opacity:1.0" x="17.80842916260135" y="29.635400868014663" id="text1622" transform="matrix(3.03047 0 0 3.03047 120.412 -36.9756)"><tspan id="tspan1620" x="17.80842916260135" y="29.635400868014663" style="font-family:'Arial','Arial';font-weight:400;font-style:normal;font-stretch:normal;font-size:10.000">test</tspan></text>
    <g id="g0" display="none"><text xml:space="preserve" style="font-size:148.615px;line-height:1.25;font-family:Arial;-inkscape-font-specification:'Arial, Normal';letter-spacing:0px;word-spacing:0px" x="264.65997" y="440.42651" transform="matrix(0.203914 0 0 0.203914 120.412 -36.9756)" id="text0"><tspan x="264.65997" y="440.42651" style="font-family:'Arial','Arial';font-weight:400;font-style:normal;font-stretch:normal" id="tspan0">test</tspan></text><text id="text1" display="none">si_ae_original_duplicate: text1622</text></g><path style="opacity:1.0;fill:none;stroke:#262626;stroke-width:1.4644345305874629;stroke-dasharray:1.0983244335060665, 1.0983244335060665;stop-color:#000000" id="rect50617" width="682.85712" height="458.57144" x="1.4285715" y="-1.4285715" ry="5.8976021" d="m 8.63665 1.98936e-08 l 491.363,0.0 491.363,0.0 a 8.63665 8.63665 0 0 1 8.637 8.63665 l 0.0,327.137 0.0,327.137 a 8.63665 8.63665 0 0 1 -8.637 8.637 l -491.363,0.0 -491.363,0.0 a 8.63665 8.63665 0 0 1 -8.63665 -8.637 l 0.0,-327.137 0.0,-327.137 a 8.63665 8.63665 0 0 1 8.63665 -8.63665 z" transform="matrix(0.0339597 0 0 0.0616393 101.497 -24.0382)"/>
  </g>
<text id="text2" style="display:none">si_ae_original_filename: C:\Users\burgh\Box\Burghoff\Storage\Github\Scientific-Inkscape\tests\data\svg\Multipage_nonuniform.svg, hash: f502e4867cdaa81d24c4aa2cd648d4852038726207f8a7344ed142ee0a94691b</text></svg>