<svg xmlns:inkscape="http://www.inkscape.org/namespaces/inkscape" xmlns:sodipodi="http://sodipodi.sourceforge.net/DTD/sodipodi-0.dtd" xmlns="http://www.w3.org/2000/svg" xmlns:svg="http://www.w3.org/2000/svg" xmlns:rdf="http://www.w3.org/1999/02/22-rdf-syntax-ns#" xmlns:cc="http://creativecommons.org/ns#" xmlns:dc="http://purl.org/dc/elements/1.1/" inkscape:version="1.2.1 (9c6d41e410, 2022-07-14)" id="svg26" version="1.1" viewBox="318.6930222815787 -59.128882525582 201.62505240388404 175.28156305116403" height="4.885477042895329in" width="5.619727184337208in" sodipodi:docname="drawing-8.svg">
  <defs id="defs20"/>
  <sodipodi:namedview units="in" showgrid="false" inkscape:document-rotation="0" inkscape:current-layer="layer1" inkscape:document-units="mm" inkscape:cy="-52.527932" inkscape:cx="1191.98" inkscape:zoom="0.49497475" inkscape:pageshadow="2" inkscape:pageopacity="0.0" borderopacity="1.0" bordercolor="#666666" pagecolor="#ffffff" id="base" inkscape:showpageshadow="2" inkscape:pagecheckerboard="0" inkscape:deskcolor="#d1d1d1" inkscape:window-width="1920" inkscape:window-height="1017" inkscape:window-x="-8" inkscape:window-y="-8" inkscape:window-maximized="1">
    </sodipodi:namedview>
  <metadata id="metadata23">
    <rdf:RDF id="RDF0">
      <cc:Work rdf:about="" id="Work0">
        <dc:format id="format0">image/svg+xml</dc:format>
        <dc:type rdf:resource="http://purl.org/dc/dcmitype/StillImage" id="type0"/>
      </cc:Work>
    </rdf:RDF>
  </metadata>
  <g id="layer1" inkscape:groupmode="layer" inkscape:label="Layer 1">
    <text xml:space="preserve" style="font-size:10.000;line-height:1.25;font-family:Arial;-inkscape-font-specification:'Arial, Normal';letter-spacing:0.0;word-spacing:0px;opacity:1.0" x="20.935099417959155" y="42.68585203377855" id="text1676" transform="matrix(1.80205 0 0 1.80205 345.067 -28.702)"><tspan id="tspan1674" x="20.935099417959155" y="42.68585203377855" style="font-family:'Arial';font-size:10.000">hello</tspan></text>
    <g id="g1" display="none"><text xml:space="preserve" style="font-size:148.615px;line-height:1.25;font-family:Arial;-inkscape-font-specification:'Arial, Normal';letter-spacing:0px;word-spacing:0px" x="311.12698" y="634.37579" transform="matrix(0.121256 0 0 0.121256 345.067 -28.702)" id="text2"><tspan id="tspan1" x="311.12698" y="634.37579" style="font-family:'Arial'">hello</tspan></text><text id="text3" display="none">si_ae_original_duplicate: text1676</text></g></g>
<text id="text0" style="display:none">si_ae_original_filename: C:\Users\burgh\Box\Burghoff\Storage\Github\Scientific-Inkscape\tests\data\svg\Multipage_nonuniform.svg, hash: f502e4867cdaa81d24c4aa2cd648d4852038726207f8a7344ed142ee0a94691b</text></svg>